--------------------------------------------------------------------------------------
Timing Analyzer Summary
--------------------------------------------------------------------------------------

Type           : Worst-case tsu
Slack          : N/A
Required Time  : None
Actual Time    : 2.163 ns
From           : RESET
To             : shumaguan:inst5|out_nixie[5]
From Clock     : --
To Clock       : clk_in
Failed Paths   : 0

Type           : Worst-case tco
Slack          : N/A
Required Time  : None
Actual Time    : 15.067 ns
From           : jianpan:inst9|scan[3]
To             : COLUMN[3]
From Clock     : clk_in
To Clock       : --
Failed Paths   : 0

Type           : Worst-case th
Slack          : N/A
Required Time  : None
Actual Time    : 19.881 ns
From           : RESET
To             : defenjishu1103:inst3|point[0]
From Clock     : --
To Clock       : clk_in
Failed Paths   : 0

Type           : Clock Setup: 'clk_in'
Slack          : N/A
Required Time  : None
Actual Time    : 15.09 MHz ( period = 66.272 ns )
From           : defenjishu1103:inst3|gameover
To             : shumaguan:inst5|out_nixie[5]
From Clock     : clk_in
To Clock       : clk_in
Failed Paths   : 0

Type           : Clock Hold: 'clk_in'
Slack          : Not operational: Clock Skew > Data Delay
Required Time  : None
Actual Time    : N/A
From           : daojishi:inst1|gameover
To             : defenjishu1103:inst3|gameover
From Clock     : clk_in
To Clock       : clk_in
Failed Paths   : 42

Type           : Total number of failed paths
Slack          : 
Required Time  : 
Actual Time    : 
From           : 
To             : 
From Clock     : 
To Clock       : 
Failed Paths   : 42

--------------------------------------------------------------------------------------

